/var/www/html/debian/gateway/main.new.c
/var/www/html/debian/gateway/kaa/src/kaa/kaa_error.h
/var/www/html/debian/gateway/kaa/src/kaa/kaa_platform_protocol.c
/var/www/html/debian/gateway/kaa/src/kaa/kaa_extension.c
/var/www/html/debian/gateway/kaa/src/kaa/kaa_extension.h
/var/www/html/debian/gateway/kaa/src/kaa/platform/kaa_client_properties.h
/var/www/html/debian/gateway/kaa/src/kaa/platform/ext_transport_channel.h
/var/www/html/debian/gateway/kaa/src/kaa/platform/ext_user_callback.h
/var/www/html/debian/gateway/kaa/src/kaa/platform/kaa_failover_strategy.h
/var/www/html/debian/gateway/kaa/src/kaa/platform/ext_log_delivery_listener.h
/var/www/html/debian/gateway/kaa/src/kaa/platform/ext_log_storage.h
/var/www/html/debian/gateway/kaa/src/kaa/platform/ext_event_listeners_callback.h
/var/www/html/debian/gateway/kaa/src/kaa/platform/ext_log_upload_strategy.h
/var/www/html/debian/gateway/kaa/src/kaa/platform/ext_configuration_receiver.h
/var/www/html/debian/gateway/kaa/src/kaa/platform/ext_system_logger.h
/var/www/html/debian/gateway/kaa/src/kaa/platform/ext_notification_receiver.h
/var/www/html/debian/gateway/kaa/src/kaa/platform/ext_kaa_failover_strategy.h
/var/www/html/debian/gateway/kaa/src/kaa/platform/ext_tcp_utils.h
/var/www/html/debian/gateway/kaa/src/kaa/platform/ext_sha.h
/var/www/html/debian/gateway/kaa/src/kaa/platform/ext_key_utils.h
/var/www/html/debian/gateway/kaa/src/kaa/platform/kaa_client.h
/var/www/html/debian/gateway/kaa/src/kaa/platform/ext_status.h
/var/www/html/debian/gateway/kaa/src/kaa/platform/ext_configuration_persistence.h
/var/www/html/debian/gateway/kaa/src/kaa/platform/ext_encryption_utils.h
/var/www/html/debian/gateway/kaa/src/kaa/collections/kaa_list.h
/var/www/html/debian/gateway/kaa/src/kaa/collections/kaa_list.c
/var/www/html/debian/gateway/kaa/src/kaa/kaa_platform_utils.h
/var/www/html/debian/gateway/kaa/src/kaa/kaa_context.h
/var/www/html/debian/gateway/kaa/src/kaa/kaa_extension_private.h
/var/www/html/debian/gateway/kaa/src/kaa/utilities/kaa_buffer.c
/var/www/html/debian/gateway/kaa/src/kaa/utilities/kaa_log.c
/var/www/html/debian/gateway/kaa/src/kaa/utilities/kaa_base64.c
/var/www/html/debian/gateway/kaa/src/kaa/utilities/kaa_aes_rsa.h
/var/www/html/debian/gateway/kaa/src/kaa/utilities/kaa_base64.h
/var/www/html/debian/gateway/kaa/src/kaa/utilities/kaa_mem.c
/var/www/html/debian/gateway/kaa/src/kaa/utilities/kaa_buffer.h
/var/www/html/debian/gateway/kaa/src/kaa/utilities/kaa_aes_rsa.c
/var/www/html/debian/gateway/kaa/src/kaa/utilities/kaa_log.h
/var/www/html/debian/gateway/kaa/src/kaa/utilities/kaa_mem.h
/var/www/html/debian/gateway/kaa/src/kaa/kaa_platform_protocol.h
/var/www/html/debian/gateway/kaa/src/kaa/kaa.c
/var/www/html/debian/gateway/kaa/src/kaa/kaa_channel_manager.c
/var/www/html/debian/gateway/kaa/src/kaa/platform-impl/Econais/EC19D/econais_ec19d_tcp_utils.c
/var/www/html/debian/gateway/kaa/src/kaa/platform-impl/Econais/EC19D/__ashldi3.c
/var/www/html/debian/gateway/kaa/src/kaa/platform-impl/Econais/EC19D/sha.c
/var/www/html/debian/gateway/kaa/src/kaa/platform-impl/Econais/EC19D/econais_ec19d_platform.h
/var/www/html/debian/gateway/kaa/src/kaa/platform-impl/Econais/EC19D/econais_ec19d_configuration_persistence.c
/var/www/html/debian/gateway/kaa/src/kaa/platform-impl/Econais/EC19D/econais_ec19d_defaults.h
/var/www/html/debian/gateway/kaa/src/kaa/platform-impl/Econais/EC19D/econais_ec19d_file_utils.c
/var/www/html/debian/gateway/kaa/src/kaa/platform-impl/Econais/EC19D/econais_ec19d_time.h
/var/www/html/debian/gateway/kaa/src/kaa/platform-impl/Econais/EC19D/econais_ec19d_mem.h
/var/www/html/debian/gateway/kaa/src/kaa/platform-impl/Econais/EC19D/econais_ec19d_kaa_client.c
/var/www/html/debian/gateway/kaa/src/kaa/platform-impl/Econais/EC19D/econais_ec19d_stdio.h
/var/www/html/debian/gateway/kaa/src/kaa/platform-impl/Econais/EC19D/logger.c
/var/www/html/debian/gateway/kaa/src/kaa/platform-impl/Econais/EC19D/econais_ec19d_file_utils.h
/var/www/html/debian/gateway/kaa/src/kaa/platform-impl/Econais/EC19D/econais_ec19d_kaa_client_properies.h
/var/www/html/debian/gateway/kaa/src/kaa/platform-impl/Econais/EC19D/econais_ec19d_sock.h
/var/www/html/debian/gateway/kaa/src/kaa/platform-impl/cc32xx/file_utils.c
/var/www/html/debian/gateway/kaa/src/kaa/platform-impl/cc32xx/platform/time.h
/var/www/html/debian/gateway/kaa/src/kaa/platform-impl/cc32xx/platform/mem.h
/var/www/html/debian/gateway/kaa/src/kaa/platform-impl/cc32xx/platform/defaults.h
/var/www/html/debian/gateway/kaa/src/kaa/platform-impl/cc32xx/platform/sock.h
/var/www/html/debian/gateway/kaa/src/kaa/platform-impl/cc32xx/platform/file_utils.h
/var/www/html/debian/gateway/kaa/src/kaa/platform-impl/cc32xx/platform/stdio.h
/var/www/html/debian/gateway/kaa/src/kaa/platform-impl/cc32xx/tcp_utils.c
/var/www/html/debian/gateway/kaa/src/kaa/platform-impl/cc32xx/time.c
/var/www/html/debian/gateway/kaa/src/kaa/platform-impl/cc32xx/status.c
/var/www/html/debian/gateway/kaa/src/kaa/platform-impl/cc32xx/configuration_persistence.c
/var/www/html/debian/gateway/kaa/src/kaa/platform-impl/cc32xx/logger.c
/var/www/html/debian/gateway/kaa/src/kaa/platform-impl/cc32xx/reboot.c
/var/www/html/debian/gateway/kaa/src/kaa/platform-impl/esp8266/platform/time.h
/var/www/html/debian/gateway/kaa/src/kaa/platform-impl/esp8266/platform/mem.h
/var/www/html/debian/gateway/kaa/src/kaa/platform-impl/esp8266/platform/defaults.h
/var/www/html/debian/gateway/kaa/src/kaa/platform-impl/esp8266/platform/sock.h
/var/www/html/debian/gateway/kaa/src/kaa/platform-impl/esp8266/platform/stdio.h
/var/www/html/debian/gateway/kaa/src/kaa/platform-impl/esp8266/tcp_utils.c
/var/www/html/debian/gateway/kaa/src/kaa/platform-impl/esp8266/kaa_client.c
/var/www/html/debian/gateway/kaa/src/kaa/platform-impl/esp8266/time.c
/var/www/html/debian/gateway/kaa/src/kaa/platform-impl/esp8266/snprintf.c
/var/www/html/debian/gateway/kaa/src/kaa/platform-impl/esp8266/status.c
/var/www/html/debian/gateway/kaa/src/kaa/platform-impl/esp8266/configuration_persistence.c
/var/www/html/debian/gateway/kaa/src/kaa/platform-impl/esp8266/logger.c
/var/www/html/debian/gateway/kaa/src/kaa/platform-impl/esp8266/exit.c
/var/www/html/debian/gateway/kaa/src/kaa/platform-impl/posix/file_utils.c
/var/www/html/debian/gateway/kaa/src/kaa/platform-impl/posix/platform/time.h
/var/www/html/debian/gateway/kaa/src/kaa/platform-impl/posix/platform/mem.h
/var/www/html/debian/gateway/kaa/src/kaa/platform-impl/posix/platform/defaults.h
/var/www/html/debian/gateway/kaa/src/kaa/platform-impl/posix/platform/sock.h
/var/www/html/debian/gateway/kaa/src/kaa/platform-impl/posix/platform/file_utils.h
/var/www/html/debian/gateway/kaa/src/kaa/platform-impl/posix/platform/stdio.h
/var/www/html/debian/gateway/kaa/src/kaa/platform-impl/posix/tcp_utils.c
/var/www/html/debian/gateway/kaa/src/kaa/platform-impl/posix/kaa_client.c
/var/www/html/debian/gateway/kaa/src/kaa/platform-impl/posix/status.c
/var/www/html/debian/gateway/kaa/src/kaa/platform-impl/posix/posix_platform.h
/var/www/html/debian/gateway/kaa/src/kaa/platform-impl/posix/configuration_persistence.c
/var/www/html/debian/gateway/kaa/src/kaa/platform-impl/posix/logger.c
/var/www/html/debian/gateway/kaa/src/kaa/platform-impl/ios/sha.c
/var/www/html/debian/gateway/kaa/src/kaa/platform-impl/common/ext_log_upload_strategies.c
/var/www/html/debian/gateway/kaa/src/kaa/platform-impl/common/sha.c
/var/www/html/debian/gateway/kaa/src/kaa/platform-impl/common/kaa_tcp_channel.c
/var/www/html/debian/gateway/kaa/src/kaa/platform-impl/common/kaa_failover_strategy.c
/var/www/html/debian/gateway/kaa/src/kaa/platform-impl/common/key_utils.c
/var/www/html/debian/gateway/kaa/src/kaa/platform-impl/common/kaa_htonll.h
/var/www/html/debian/gateway/kaa/src/kaa/platform-impl/common/ext_log_upload_strategies.h
/var/www/html/debian/gateway/kaa/src/kaa/platform-impl/common/kaa_tcp_channel.h
/var/www/html/debian/gateway/kaa/src/kaa/platform-impl/common/kaa_htonll.c
/var/www/html/debian/gateway/kaa/src/kaa/platform-impl/common/encryption_utils.c
/var/www/html/debian/gateway/kaa/src/kaa/platform-impl/common/ext_log_storage_memory.c
/var/www/html/debian/gateway/kaa/src/kaa/kaa_protocols/kaa_tcp/kaatcp_request.c
/var/www/html/debian/gateway/kaa/src/kaa/kaa_protocols/kaa_tcp/kaatcp.h
/var/www/html/debian/gateway/kaa/src/kaa/kaa_protocols/kaa_tcp/kaatcp_request.h
/var/www/html/debian/gateway/kaa/src/kaa/kaa_protocols/kaa_tcp/kaatcp_parser.c
/var/www/html/debian/gateway/kaa/src/kaa/kaa_protocols/kaa_tcp/kaatcp_common.h
/var/www/html/debian/gateway/kaa/src/kaa/kaa_protocols/kaa_tcp/kaatcp_parser.h
/var/www/html/debian/gateway/kaa/src/kaa/kaa.h
/var/www/html/debian/gateway/kaa/src/kaa/kaa_status.h
/var/www/html/debian/gateway/kaa/src/kaa/kaa_common_schema.h
/var/www/html/debian/gateway/kaa/src/kaa/kaa_platform_common.h
/var/www/html/debian/gateway/kaa/src/kaa/kaa_private.h
/var/www/html/debian/gateway/kaa/src/kaa/gen/kaa_logging_definitions.h
/var/www/html/debian/gateway/kaa/src/kaa/gen/kaa_configuration_definitions.h
/var/www/html/debian/gateway/kaa/src/kaa/gen/kaa_configuration_gen.h
/var/www/html/debian/gateway/kaa/src/kaa/gen/kaa_profile_definitions.h
/var/www/html/debian/gateway/kaa/src/kaa/gen/kaa_profile_gen.c
/var/www/html/debian/gateway/kaa/src/kaa/gen/kaa_event_fqn_definitions.h
/var/www/html/debian/gateway/kaa/src/kaa/gen/kaa_logging_gen.c
/var/www/html/debian/gateway/kaa/src/kaa/gen/kaa_notification_gen.c
/var/www/html/debian/gateway/kaa/src/kaa/gen/kaa_notification_gen.h
/var/www/html/debian/gateway/kaa/src/kaa/gen/kaa_notification_definitions.h
/var/www/html/debian/gateway/kaa/src/kaa/gen/kaa_logging_gen.h
/var/www/html/debian/gateway/kaa/src/kaa/gen/kaa_profile_gen.h
/var/www/html/debian/gateway/kaa/src/kaa/gen/kaa_configuration_gen.c
/var/www/html/debian/gateway/kaa/src/kaa/avro_src/encoding_binary.c
/var/www/html/debian/gateway/kaa/src/kaa/avro_src/io.c
/var/www/html/debian/gateway/kaa/src/kaa/avro_src/avro/io.h
/var/www/html/debian/gateway/kaa/src/kaa/avro_src/avro/platform.h
/var/www/html/debian/gateway/kaa/src/kaa/avro_src/avro_private.h
/var/www/html/debian/gateway/kaa/src/kaa/avro_src/encoding.h
/var/www/html/debian/gateway/kaa/src/kaa/kaa_common_schema.c
/var/www/html/debian/gateway/kaa/src/kaa/kaa_defaults.h
/var/www/html/debian/gateway/kaa/src/kaa/kaa_common.h
/var/www/html/debian/gateway/kaa/src/kaa/kaa_platform_utils.c
/var/www/html/debian/gateway/kaa/src/kaa/kaa_status.c
/var/www/html/debian/gateway/kaa/src/kaa/kaa_channel_manager.h
/var/www/html/debian/gateway/kaa/src/extensions/logging/kaa_logging.h
/var/www/html/debian/gateway/kaa/src/extensions/logging/kaa_logging.c
/var/www/html/debian/gateway/kaa/src/extensions/logging/kaa_logging_private.h
/var/www/html/debian/gateway/kaa/src/extensions/logging/test/test_kaa_log.c
/var/www/html/debian/gateway/kaa/src/extensions/notification/kaa_notification_manager.h
/var/www/html/debian/gateway/kaa/src/extensions/notification/test/test_kaa_notification.c
/var/www/html/debian/gateway/kaa/src/extensions/notification/kaa_notification_manager.c
/var/www/html/debian/gateway/kaa/src/extensions/configuration/kaa_configuration_manager.h
/var/www/html/debian/gateway/kaa/src/extensions/configuration/kaa_configuration_manager_private.h
/var/www/html/debian/gateway/kaa/src/extensions/configuration/kaa_configuration_manager.c
/var/www/html/debian/gateway/kaa/src/extensions/configuration/test/test_kaa_configuration.c
/var/www/html/debian/gateway/kaa/src/extensions/event/kaa_event.h
/var/www/html/debian/gateway/kaa/src/extensions/event/kaa_event_private.h
/var/www/html/debian/gateway/kaa/src/extensions/event/kaa_event.c
/var/www/html/debian/gateway/kaa/src/extensions/event/test/test_kaa_event.c
/var/www/html/debian/gateway/kaa/src/extensions/user/kaa_user.c
/var/www/html/debian/gateway/kaa/src/extensions/user/kaa_user_private.h
/var/www/html/debian/gateway/kaa/src/extensions/user/kaa_user.h
/var/www/html/debian/gateway/kaa/src/extensions/user/test/test_kaa_user.c
/var/www/html/debian/gateway/kaa/src/extensions/bootstrap/kaa_bootstrap_manager.h
/var/www/html/debian/gateway/kaa/src/extensions/bootstrap/kaa_bootstrap_manager.c
/var/www/html/debian/gateway/kaa/src/extensions/bootstrap/test/test_kaa_bootstrap_manager.c
/var/www/html/debian/gateway/kaa/src/extensions/profile/kaa_profile.c
/var/www/html/debian/gateway/kaa/src/extensions/profile/kaa_profile_private.h
/var/www/html/debian/gateway/kaa/src/extensions/profile/kaa_profile.h
/var/www/html/debian/gateway/kaa/src/extensions/profile/test/test_kaa_profile.c
/var/www/html/debian/gateway/kaa/tools/kaa_encryption/rsa_key_gen/kaa_rsa_key_gen.c
/var/www/html/debian/gateway/kaa/tools/kaa_encryption/rsa_key_gen/include/kaa_rsa_key_gen.h
/var/www/html/debian/gateway/kaa/tools/kaa_encryption/kaa_rsa_key_gen_app.c
/var/www/html/debian/gateway/kaa/test/collections/test_kaa_list.c
/var/www/html/debian/gateway/kaa/test/utilities/test_kaa_reallocation.c
/var/www/html/debian/gateway/kaa/test/kaa_extension/kaa_extension_private.h
/var/www/html/debian/gateway/kaa/test/test_kaa_event.c
/var/www/html/debian/gateway/kaa/test/kaa_test_external.c
/var/www/html/debian/gateway/kaa/test/test_kaa_extension.c
/var/www/html/debian/gateway/kaa/test/platform-impl/test_ext_log_storage_memory.c
/var/www/html/debian/gateway/kaa/test/platform-impl/test_ext_log_upload_strategies.c
/var/www/html/debian/gateway/kaa/test/test_platform_utils.c
/var/www/html/debian/gateway/kaa/test/test_kaa_channel_manager.c
/var/www/html/debian/gateway/kaa/test/kaa_test.h
/var/www/html/debian/gateway/kaa/test/test_kaa_common_schema.c
/var/www/html/debian/gateway/kaa/test/test_meta_extension.c
/var/www/html/debian/gateway/kaa/test/test_platform_protocol.c
/var/www/html/debian/gateway/kaa/test/test_kaa_context.c
/var/www/html/debian/gateway/kaa/test/kaatcp/kaatcp_request_test.c
/var/www/html/debian/gateway/kaa/test/kaatcp/kaatcp_parser_test.c
/var/www/html/debian/gateway/kaa/test/kaa_tcp_channel/test_kaa_tcp_channel_operation.c
/var/www/html/debian/gateway/kaa/test/kaa_tcp_channel/test_kaa_tcp_channel_bootstrap.c
/var/www/html/debian/gateway/kaa/test/test_kaa_status.c
/var/www/html/debian/gateway/kaa/test/test_kaa_extension_private.c
/var/www/html/debian/gateway/kaa/test/test_kaa_common.c
/var/www/html/debian/gateway/kaa/thirdparty/mbedtls/asn1parse.c
/var/www/html/debian/gateway/kaa/thirdparty/mbedtls/pkparse.c
/var/www/html/debian/gateway/kaa/thirdparty/mbedtls/sha256.c
/var/www/html/debian/gateway/kaa/thirdparty/mbedtls/pk.c
/var/www/html/debian/gateway/kaa/thirdparty/mbedtls/mbedtls/pk_internal.h
/var/www/html/debian/gateway/kaa/thirdparty/mbedtls/mbedtls/pk.h
/var/www/html/debian/gateway/kaa/thirdparty/mbedtls/mbedtls/md.h
/var/www/html/debian/gateway/kaa/thirdparty/mbedtls/mbedtls/rsa.h
/var/www/html/debian/gateway/kaa/thirdparty/mbedtls/mbedtls/asn1.h
/var/www/html/debian/gateway/kaa/thirdparty/mbedtls/mbedtls/oid.h
/var/www/html/debian/gateway/kaa/thirdparty/mbedtls/mbedtls/cipher.h
/var/www/html/debian/gateway/kaa/thirdparty/mbedtls/mbedtls/des.h
/var/www/html/debian/gateway/kaa/thirdparty/mbedtls/mbedtls/entropy.h
/var/www/html/debian/gateway/kaa/thirdparty/mbedtls/mbedtls/md_internal.h
/var/www/html/debian/gateway/kaa/thirdparty/mbedtls/mbedtls/md5.h
/var/www/html/debian/gateway/kaa/thirdparty/mbedtls/mbedtls/ctr_drbg.h
/var/www/html/debian/gateway/kaa/thirdparty/mbedtls/mbedtls/bn_mul.h
/var/www/html/debian/gateway/kaa/thirdparty/mbedtls/mbedtls/bignum.h
/var/www/html/debian/gateway/kaa/thirdparty/mbedtls/mbedtls/entropy_poll.h
/var/www/html/debian/gateway/kaa/thirdparty/mbedtls/mbedtls/sha1.h
/var/www/html/debian/gateway/kaa/thirdparty/mbedtls/mbedtls/aes.h
/var/www/html/debian/gateway/kaa/thirdparty/mbedtls/mbedtls/asn1write.h
/var/www/html/debian/gateway/kaa/thirdparty/mbedtls/mbedtls/pem.h
/var/www/html/debian/gateway/kaa/thirdparty/mbedtls/mbedtls/config.h
/var/www/html/debian/gateway/kaa/thirdparty/mbedtls/mbedtls/sha256.h
/var/www/html/debian/gateway/kaa/thirdparty/mbedtls/mbedtls/base64.h
/var/www/html/debian/gateway/kaa/thirdparty/mbedtls/rsa_encrypt.c
/var/www/html/debian/gateway/kaa/thirdparty/mbedtls/md.c
/var/www/html/debian/gateway/kaa/thirdparty/mbedtls/rsa.c
/var/www/html/debian/gateway/kaa/thirdparty/mbedtls/asn1write.c
/var/www/html/debian/gateway/kaa/thirdparty/mbedtls/pkwrite.c
/var/www/html/debian/gateway/kaa/thirdparty/mbedtls/aes.c
/var/www/html/debian/gateway/kaa/thirdparty/mbedtls/bignum.c
/var/www/html/debian/gateway/kaa/thirdparty/mbedtls/oid.c
/var/www/html/debian/gateway/kaa/thirdparty/mbedtls/aes_key.c
/var/www/html/debian/gateway/kaa/thirdparty/mbedtls/sha1.c
/var/www/html/debian/gateway/kaa/thirdparty/mbedtls/pk_wrap.c
/var/www/html/debian/gateway/kaa/thirdparty/mbedtls/entropy_poll.c
/var/www/html/debian/gateway/kaa/thirdparty/mbedtls/base64.c
/var/www/html/debian/gateway/kaa/thirdparty/mbedtls/entropy.c
/var/www/html/debian/gateway/kaa/thirdparty/mbedtls/pem.c
/var/www/html/debian/gateway/kaa/thirdparty/mbedtls/ctr_drbg.c
/var/www/html/debian/gateway/kaa/thirdparty/mbedtls/md_wrap.c
/var/www/html/debian/gateway/main.c
/var/www/html/debian/gateway/main.old.c
/var/www/html/debian/gateway/build/CMakeFiles/feature_tests.c
/var/www/html/debian/gateway/build/CMakeFiles/3.5.1/CompilerIdC/CMakeCCompilerId.c
/var/www/html/debian/gateway/build/kaa/kaa_keys/CMakeFiles/feature_tests.c
/var/www/html/debian/gateway/build/kaa/kaa_keys/CMakeFiles/3.5.1/CompilerIdC/CMakeCCompilerId.c
/var/www/html/debian/gateway/build/kaa/kaa_keys/kaa_keys_gen.h
/var/www/html/debian/gateway/include/json-c/json_tokener.h
/var/www/html/debian/gateway/include/json-c/json_pointer.h
/var/www/html/debian/gateway/include/json-c/debug.h
/var/www/html/debian/gateway/include/json-c/json_util.h
/var/www/html/debian/gateway/include/json-c/linkhash.h
/var/www/html/debian/gateway/include/json-c/json_c_version.h
/var/www/html/debian/gateway/include/json-c/arraylist.h
/var/www/html/debian/gateway/include/json-c/json_config.h
/var/www/html/debian/gateway/include/json-c/json_visit.h
/var/www/html/debian/gateway/include/json-c/json_object_iterator.h
/var/www/html/debian/gateway/include/json-c/json_object.h
/var/www/html/debian/gateway/include/json-c/json.h
/var/www/html/debian/gateway/include/json-c/printbuf.h
/var/www/html/debian/gateway/include/json-c/json_inttypes.h
/var/www/html/debian/gateway/include/MQTTSubscribeOpts.h
/var/www/html/debian/gateway/include/MQTTClient.h
/var/www/html/debian/gateway/include/MQTTClientPersistence.h
/var/www/html/debian/gateway/include/MQTTReasonCodes.h
/var/www/html/debian/gateway/include/curl/curl.h
/var/www/html/debian/gateway/include/curl/mprintf.h
/var/www/html/debian/gateway/include/curl/curlbuild.h
/var/www/html/debian/gateway/include/curl/curlrules.h
/var/www/html/debian/gateway/include/curl/easy.h
/var/www/html/debian/gateway/include/curl/multi.h
/var/www/html/debian/gateway/include/curl/curlver.h
/var/www/html/debian/gateway/include/curl/typecheck-gcc.h
/var/www/html/debian/gateway/include/curl/stdcheaders.h
/var/www/html/debian/gateway/include/MQTTAsync.h
/var/www/html/debian/gateway/include/MQTTProperties.h
